10 processesUsing Round-RobinQuantum 3
Time    0 : P01 arrivedTime    0 : P01 selected (burst 5)Time    3 : P01 selected (burst 2)Time    5 : P01 finishedTime    5 : P02 arrivedTime    5 : P02 selected (burst 9)Time    8 : P03 arrivedTime    8 : P03 selected (burst 3)Time   11 : P03 finishedTime   11 : P04 arrivedTime   11 : P05 arrivedTime   11 : P02 selected (burst 6)Time   14 : P07 arrivedTime   14 : P04 selected (burst 4)Time   17 : P05 selected (burst 8)Time   20 : P07 selected (burst 5)Time   23 : P06 arrivedTime   23 : P02 selected (burst 3)Time   26 : P02 finishedTime   26 : P08 arrivedTime   26 : P04 selected (burst 1)Time   27 : P04 finishedTime   27 : P05 selected (burst 5)Time   30 : P09 arrivedTime   30 : P06 selected (burst 4)Time   33 : P07 selected (burst 2)Time   35 : P07 finishedTime   35 : P10 arrivedTime   35 : P08 selected (burst 4)Time   38 : P09 selected (burst 7)Time   41 : P05 selected (burst 2)Time   43 : P05 finishedTime   43 : P06 selected (burst 1)Time   44 : P06 finishedTime   44 : P10 selected (burst 10)Time   47 : P08 selected (burst 1)Time   48 : P08 finishedTime   48 : P09 selected (burst 4)Time   51 : P10 selected (burst 7)Time   54 : P09 selected (burst 1)Time   55 : P09 finishedTime   55 : P10 selected (burst 4)Time   58 : P10 selected (burst 1)Time   59 : P10 finishedTime   59 : IdleFinished at time 60
P01 wait    0 turnaround    5 response    0P02 wait   12 turnaround   21 response    0P03 wait    1 turnaround    4 response    1P04 wait   14 turnaround   18 response    5P05 wait   25 turnaround   33 response    7P06 wait   17 turnaround   21 response    7P07 wait   18 turnaround   23 response    8P08 wait   19 turnaround   23 response   10P09 wait   18 turnaround   25 response    8P10 wait   15 turnaround   25 response   10